C51 COMPILER V9.60.0.0   CODE                                                              05/11/2023 12:01:18 PAGE 1   


C51 COMPILER V9.60.0.0, COMPILATION OF MODULE CODE
OBJECT MODULE PLACED IN .\Objects\code.obj
COMPILER INVOKED BY: C:\Keil C\C51\BIN\C51.EXE code.c OPTIMIZE(8,SPEED) BROWSE INCDIR(..\code) DEBUG OBJECTEXTEND PRINT(
                    -.\Listings\code.lst) TABS(2) OBJECT(.\Objects\code.obj)

line level    source

   1          #include <REGX51.H>
   2          #include <Thu_Vien_LCD.h>
   3          
   4          sbit ROW1 = P1^0;
   5          sbit ROW2 = P1^1;
   6          sbit ROW3 = P1^2;
   7          sbit ROW4 = P1^3;
   8          sbit COL1 = P1^4;
   9          sbit COL2 = P1^5;
  10          sbit COL3 = P1^6;
  11          sbit COL4 = P1^7;
  12          
  13          unsigned char key=0;
  14          char s[16]={0};
  15          unsigned int idx = 0;
  16          
  17          void delay(int t){
  18   1          unsigned int i;
  19   1          for(i=0;i<t;i++){
  20   2              TMOD=0x01;
  21   2              TH0=0xFC; //delay 1ms
  22   2              TL0=0x18;
  23   2              TR0=1;
  24   2              while(!TF0);
  25   2              TF0=0;
  26   2              TR0=0;
  27   2          }
  28   1      }
  29          
  30          unsigned char Keypad_Read(){
  31   1          unsigned char key = 0xFF;
  32   1          ROW1=0;
  33   1          if(!COL1) key='C'; // Clear
  34   1          if(!COL2) key='0';
  35   1          if(!COL3) key='='; // =
  36   1          if(!COL4) key='+'; // +
  37   1          ROW1=1;
  38   1          ROW2=0;
  39   1          if(!COL1) key='1';
  40   1          if(!COL2) key='2';
  41   1          if(!COL3) key='3';
  42   1          if(!COL4) key='-'; // -
  43   1          ROW2=1;
  44   1          ROW3=0;
  45   1          if(!COL1) key='4';
  46   1          if(!COL2) key='5';
  47   1          if(!COL3) key='6';
  48   1          if(!COL4) key='*'; // *
  49   1          ROW3=1;
  50   1          ROW4=0;
  51   1          if(!COL1) key='7';
  52   1          if(!COL2) key='8';
  53   1          if(!COL3) key='9';
  54   1          if(!COL4) key='/'; // "/"
C51 COMPILER V9.60.0.0   CODE                                                              05/11/2023 12:01:18 PAGE 2   

  55   1          ROW4=1;
  56   1          return key;
  57   1      }
  58          
  59          void Display(){
  60   1        unsigned int i;
  61   1        LCD_Gotoxy(0,0);
  62   1        for(i=0;i<idx;i++){
  63   2          LCD_PutChar(s[i]);
  64   2        }
  65   1      }
  66          
  67          void Clear(){
  68   1        if(key=='C'){
  69   2          LCD_Clear();
  70   2          idx=0;
  71   2        }
  72   1      }
  73          void main(){
  74   1        unsigned int i;
  75   1        LCD_Init();
  76   1        while(1){ 
  77   2          key = Keypad_Read();
  78   2          if(key != 0xFF ){
  79   3            delay(250);
  80   3            if(idx<=16){
  81   4              s[idx] = key;
  82   4              idx++;  
  83   4            }
  84   3            if(idx>16){
  85   4              for(i=0;i<=14;i++){
  86   5                s[i]=s[i+1];
  87   5              }
  88   4              s[15]=key;
  89   4              idx=16;
  90   4            }
  91   3          } 
  92   2          Clear();
  93   2          Display();
  94   2        }
  95   1      }


MODULE INFORMATION:   STATIC OVERLAYABLE
   CODE SIZE        =    291    ----
   CONSTANT SIZE    =   ----    ----
   XDATA SIZE       =   ----    ----
   PDATA SIZE       =   ----    ----
   DATA SIZE        =     19       2
   IDATA SIZE       =   ----    ----
   BIT SIZE         =   ----    ----
END OF MODULE INFORMATION.


C51 COMPILATION COMPLETE.  0 WARNING(S),  0 ERROR(S)
