C51 COMPILER V9.60.0.0   THUVIENADC0808                                                    05/12/2023 14:35:36 PAGE 1   


C51 COMPILER V9.60.0.0, COMPILATION OF MODULE THUVIENADC0808
OBJECT MODULE PLACED IN .\Objects\thuvienADC0808.obj
COMPILER INVOKED BY: C:\Keil C\C51\BIN\C51.EXE thuvienADC0808.c OPTIMIZE(8,SPEED) BROWSE DEBUG OBJECTEXTEND PRINT(.\List
                    -ings\thuvienADC0808.lst) TABS(2) OBJECT(.\Objects\thuvienADC0808.obj)

line level    source

   1          #include <REGX51.H>
   2          
   3          #define ADC0808_DATA  P3
   4          #define ADC0808_A     P2_0
   5          #define ADC0808_B     P2_1
   6          #define ADC0808_C     P2_2
   7          #define ADC0808_ALE   P2_3
   8          #define ADC0808_START P2_4
   9          #define ADC0808_EOC   P2_5
  10          #define ADC0808_OE    P2_6
  11          #define ADC0808_CLK     P2_7
  12          
  13          unsigned char ADC0808_Read(unsigned char channel){
  14   1        unsigned char result;
  15   1        ADC0808_A = channel & 0x01;
  16   1        ADC0808_B = channel & 0x02;
  17   1        ADC0808_C = channel & 0x04;
  18   1        ADC0808_ALE = 1;
  19   1        ADC0808_START = 1;
  20   1        ADC0808_ALE = 0;
  21   1        ADC0808_START = 0;
  22   1        while(!ADC0808_EOC);
  23   1        return result;
  24   1      }
  25          
  26          void CLK() interrupt 1{
  27   1        ADC0808_CLK = ~ADC0808_CLK;
  28   1      }


MODULE INFORMATION:   STATIC OVERLAYABLE
   CODE SIZE        =     30    ----
   CONSTANT SIZE    =   ----    ----
   XDATA SIZE       =   ----    ----
   PDATA SIZE       =   ----    ----
   DATA SIZE        =   ----       1
   IDATA SIZE       =   ----    ----
   BIT SIZE         =   ----    ----
END OF MODULE INFORMATION.


C51 COMPILATION COMPLETE.  0 WARNING(S),  0 ERROR(S)
